// Jest Snapshot v1, https://goo.gl/fbAQLP

exports[`withExpoIOSPlugins compiles modifiers 1`] = `
Object {
  "androidNavigationBar": Object {
    "backgroundColor": "#ff0000",
    "barStyle": "dark-content",
    "visible": "sticky-immersive",
  },
  "androidStatusBar": Object {
    "backgroundColor": "#000FFF",
    "barStyle": "light-content",
    "hidden": false,
    "translucent": true,
  },
  "appKey": "othermain",
  "backgroundColor": "orange",
  "description": "my app is great because it uses expo",
  "developmentClient": Object {
    "silentLaunch": true,
  },
  "facebookAdvertiserIDCollectionEnabled": true,
  "facebookAppId": "1234567890",
  "facebookAutoInitEnabled": true,
  "facebookAutoLogAppEventsEnabled": true,
  "facebookDisplayName": "my-fb-test-app",
  "facebookScheme": "fb1234567890",
  "githubUrl": "https://github.com/expo/expo",
  "ios": Object {
    "accessesContactNotes": true,
    "appStoreUrl": "https://itunes.apple.com/us/app/pillar-valley/id1336398804?ls=1&mt=8",
    "associatedDomains": Array [
      "applinks:https://pillarvalley.netlify.app",
    ],
    "backgroundColor": "#ff0000",
    "buildNumber": "6.5.0",
    "bundleIdentifier": "com.bacon.todo",
    "config": Object {
      "branch": Object {
        "apiKey": "MY_BRANCH_KEY",
      },
      "googleMapsApiKey": "TEST_googleMapsApiKey",
      "googleMobileAdsAppId": "TEST_googleMobileAdsAppId",
      "googleMobileAdsAutoInit": true,
      "googleSignIn": Object {
        "reservedClientId": "GOOGLE_SIGN_IN_CLIENT_ID",
      },
      "usesNonExemptEncryption": true,
    },
    "entitlements": Object {
      "com.apple.developer.applesignin": Array [
        "Default",
      ],
      "com.apple.developer.associated-domains": Array [
        "applinks:https://pillarvalley.netlify.app",
      ],
      "com.apple.developer.contacts.notes": true,
      "foo": "bar",
    },
    "googleServicesFile": "./config/GoogleService-Info.plist",
    "infoPlist": Object {
      "CFBundleDevelopmentRegion": "en",
      "CFBundleDisplayName": "my cool app",
      "CFBundleExecutable": "$(EXECUTABLE_NAME)",
      "CFBundleIdentifier": "$(PRODUCT_BUNDLE_IDENTIFIER)",
      "CFBundleInfoDictionaryVersion": "6.0",
      "CFBundleName": "$(PRODUCT_NAME)",
      "CFBundlePackageType": "APPL",
      "CFBundleShortVersionString": "1.0.0",
      "CFBundleSignature": "????",
      "CFBundleURLTypes": Array [
        Object {
          "CFBundleURLSchemes": Array [
            "my-app-redirect",
            "com.bacon.todo",
          ],
        },
        Object {
          "CFBundleURLSchemes": Array [
            "GOOGLE_SIGN_IN_CLIENT_ID",
          ],
        },
        Object {
          "CFBundleURLSchemes": Array [
            "fb1234567890",
          ],
        },
      ],
      "CFBundleVersion": "6.5.0",
      "FacebookAdvertiserIDCollectionEnabled": true,
      "FacebookAppID": "1234567890",
      "FacebookAutoInitEnabled": true,
      "FacebookAutoLogAppEventsEnabled": true,
      "FacebookDisplayName": "my-fb-test-app",
      "GADApplicationIdentifier": "TEST_googleMobileAdsAppId",
      "GMSApiKey": "TEST_googleMapsApiKey",
      "ITSAppUsesNonExemptEncryption": true,
      "LSApplicationQueriesSchemes": Array [
        "fbapi",
        "fb-messenger-api",
        "fbauth2",
        "fbshareextension",
      ],
      "LSRequiresIPhoneOS": true,
      "NSAppTransportSecurity": Object {
        "NSAllowsArbitraryLoads": true,
        "NSExceptionDomains": Object {
          "localhost": Object {
            "NSExceptionAllowsInsecureHTTPLoads": true,
          },
        },
      },
      "NSLocationWhenInUseUsageDescription": "",
      "UILaunchStoryboardName": "LaunchScreen",
      "UIRequiredDeviceCapabilities": Array [
        "armv7",
      ],
      "UIRequiresFullScreen": true,
      "UISupportedInterfaceOrientations": Array [
        "UIInterfaceOrientationPortrait",
        "UIInterfaceOrientationPortraitUpsideDown",
        "UIInterfaceOrientationLandscapeLeft",
        "UIInterfaceOrientationLandscapeRight",
      ],
      "UIUserInterfaceStyle": "Automatic",
      "UIViewControllerBasedStatusBarAppearance": false,
      "bar": Object {
        "val": Array [
          "foo",
        ],
      },
      "branch_key": Object {
        "live": "MY_BRANCH_KEY",
      },
    },
    "isTabletOnly": false,
    "merchantId": "TEST_MERCHANT_ID",
    "publishBundlePath": "./ios-dist",
    "requireFullScreen": true,
    "supportsTablet": true,
    "userInterfaceStyle": "automatic",
    "usesAppleSignIn": true,
    "usesIcloudStorage": true,
  },
  "locales": Object {
    "en": "./locales/en-US.json",
    "es": Object {
      "foo": "el bar",
    },
  },
  "name": "my cool app",
  "notification": Object {
    "androidCollapsedTitle": "#{unread_notifications} new interactions",
    "androidMode": "collapse",
    "color": "green",
    "icon": "./icons/notification-icon.png",
    "iosDisplayInForeground": true,
  },
  "orientation": "default",
  "packagerOpts": Object {
    "extraThing": true,
  },
  "platforms": Array [
    "android",
    "ios",
    "web",
  ],
  "primaryColor": "#fff000",
  "scheme": "my-app-redirect",
  "slug": "mycoolapp",
  "updates": Object {
    "checkAutomatically": "ON_ERROR_RECOVERY",
    "enabled": true,
    "fallbackToCacheTimeout": 650,
  },
  "userInterfaceStyle": "dark",
  "version": "1.0.0",
}
`;
